server/services/dealClosing/proposalService.ts(180,59): error TS1005: ',' expected.
server/services/dealClosing/proposalService.ts(182,14): error TS1005: ',' expected.
server/services/dealClosing/proposalService.ts(183,12): error TS1005: ',' expected.
server/services/dealClosing/proposalService.ts(184,17): error TS1005: ',' expected.
server/services/dealClosing/proposalService.ts(185,18): error TS1005: ',' expected.
server/services/dealClosing/proposalService.ts(186,12): error TS1005: ',' expected.
server/services/dealClosing/proposalService.ts(188,18): error TS1005: ',' expected.
server/services/dealClosing/proposalService.ts(189,13): error TS1005: ',' expected.
server/services/dealClosing/proposalService.ts(190,17): error TS1005: ',' expected.
server/services/dealClosing/proposalService.ts(191,5): error TS1135: Argument expression expected.
server/services/dealClosing/proposalService.ts(191,6): error TS1068: Unexpected token. A constructor, method, accessor, or property was expected.
server/services/dealClosing/proposalService.ts(191,7): error TS1068: Unexpected token. A constructor, method, accessor, or property was expected.
server/services/dealClosing/proposalService.ts(193,5): error TS1068: Unexpected token. A constructor, method, accessor, or property was expected.
server/services/dealClosing/proposalService.ts(223,3): error TS1128: Declaration or statement expected.
server/services/dealClosing/proposalService.ts(225,3): error TS1434: Unexpected keyword or identifier.
server/services/dealClosing/proposalService.ts(225,31): error TS1109: Expression expected.
server/services/dealClosing/proposalService.ts(225,50): error TS1005: ',' expected.
server/services/dealClosing/proposalService.ts(225,72): error TS1005: ';' expected.
server/services/dealClosing/proposalService.ts(235,3): error TS1434: Unexpected keyword or identifier.
server/services/dealClosing/proposalService.ts(235,32): error TS1005: ',' expected.
server/services/dealClosing/proposalService.ts(235,48): error TS1005: ',' expected.
server/services/dealClosing/proposalService.ts(235,63): error TS1109: Expression expected.
server/services/dealClosing/proposalService.ts(235,95): error TS1005: ';' expected.
server/services/dealClosing/proposalService.ts(248,3): error TS1434: Unexpected keyword or identifier.
server/services/dealClosing/proposalService.ts(248,28): error TS1005: ';' expected.
server/services/dealClosing/proposalService.ts(260,23): error TS1005: ';' expected.
server/services/dealClosing/proposalService.ts(263,1): error TS1128: Declaration or statement expected.
