client/src/pages/AdminLeadEngine.tsx(132,96): error TS1005: ',' expected.
client/src/pages/AdminLeadEngine.tsx(132,98): error TS1005: ',' expected.
client/src/pages/AdminLeadEngine.tsx(134,22): error TS1003: Identifier expected.
client/src/pages/AdminLeadEngine.tsx(134,38): error TS1005: ',' expected.
client/src/pages/AdminLeadEngine.tsx(134,47): error TS1005: ',' expected.
client/src/pages/AdminLeadEngine.tsx(134,49): error TS1005: ',' expected.
client/src/pages/AdminLeadEngine.tsx(134,57): error TS1005: ',' expected.
client/src/pages/AdminLeadEngine.tsx(134,74): error TS1005: ';' expected.
client/src/pages/AdminLeadEngine.tsx(134,90): error TS1434: Unexpected keyword or identifier.
client/src/pages/AdminLeadEngine.tsx(134,111): error TS1005: ';' expected.
client/src/pages/AdminLeadEngine.tsx(134,130): error TS1443: Module declaration names may only use ' or " quoted strings.
client/src/pages/AdminLeadEngine.tsx(172,34): error TS1351: An identifier or keyword cannot immediately follow a numeric literal.
client/src/pages/AdminLeadEngine.tsx(172,47): error TS1005: ';' expected.
client/src/pages/AdminLeadEngine.tsx(187,29): error TS1005: ';' expected.
client/src/pages/AdminLeadEngine.tsx(187,47): error TS1005: ';' expected.
client/src/pages/AdminLeadEngine.tsx(187,55): error TS1005: ';' expected.
client/src/pages/AdminLeadEngine.tsx(187,63): error TS1351: An identifier or keyword cannot immediately follow a numeric literal.
client/src/pages/AdminLeadEngine.tsx(187,67): error TS1005: ';' expected.
client/src/pages/AdminLeadEngine.tsx(187,74): error TS1005: ';' expected.
client/src/pages/AdminLeadEngine.tsx(187,81): error TS1005: ';' expected.
client/src/pages/AdminLeadEngine.tsx(187,92): error TS1005: ';' expected.
client/src/pages/AdminLeadEngine.tsx(187,111): error TS1005: ';' expected.
client/src/pages/AdminLeadEngine.tsx(187,129): error TS1005: ';' expected.
client/src/pages/AdminLeadEngine.tsx(187,197): error TS1434: Unexpected keyword or identifier.
client/src/pages/AdminLeadEngine.tsx(188,31): error TS1005: ';' expected.
client/src/pages/AdminLeadEngine.tsx(188,46): error TS1005: ';' expected.
client/src/pages/AdminLeadEngine.tsx(373,61): error TS1005: ';' expected.
client/src/pages/AdminLeadEngine.tsx(373,68): error TS1434: Unexpected keyword or identifier.
client/src/pages/AdminLeadEngine.tsx(373,96): error TS1434: Unexpected keyword or identifier.
client/src/pages/AdminLeadEngine.tsx(392,101): error TS1127: Invalid character.
client/src/pages/AdminLeadEngine.tsx(392,103): error TS1434: Unexpected keyword or identifier.
client/src/pages/AdminLeadEngine.tsx(414,49): error TS1005: ';' expected.
client/src/pages/AdminLeadEngine.tsx(414,58): error TS1005: ';' expected.
client/src/pages/AdminLeadEngine.tsx(414,90): error TS1005: ';' expected.
client/src/pages/AdminLeadEngine.tsx(414,124): error TS1005: ';' expected.
client/src/pages/AdminLeadEngine.tsx(414,142): error TS1005: ';' expected.
client/src/pages/AdminLeadEngine.tsx(414,210): error TS1005: ';' expected.
client/src/pages/AdminLeadEngine.tsx(414,220): error TS1005: ';' expected.
client/src/pages/AdminLeadEngine.tsx(419,98): error TS1005: ';' expected.
client/src/pages/AdminLeadEngine.tsx(421,41): error TS1005: ';' expected.
client/src/pages/AdminLeadEngine.tsx(421,49): error TS1351: An identifier or keyword cannot immediately follow a numeric literal.
client/src/pages/AdminLeadEngine.tsx(421,53): error TS1005: ';' expected.
client/src/pages/AdminLeadEngine.tsx(421,58): error TS1005: ';' expected.
client/src/pages/AdminLeadEngine.tsx(421,65): error TS1005: ';' expected.
client/src/pages/AdminLeadEngine.tsx(421,76): error TS1005: ';' expected.
client/src/pages/AdminLeadEngine.tsx(421,95): error TS1005: ';' expected.
client/src/pages/AdminLeadEngine.tsx(426,41): error TS1005: ';' expected.
client/src/pages/AdminLeadEngine.tsx(426,49): error TS1351: An identifier or keyword cannot immediately follow a numeric literal.
client/src/pages/AdminLeadEngine.tsx(426,53): error TS1005: ';' expected.
client/src/pages/AdminLeadEngine.tsx(426,65): error TS1005: ';' expected.
client/src/pages/AdminLeadEngine.tsx(428,93): error TS1005: ';' expected.
client/src/pages/AdminLeadEngine.tsx(432,102): error TS1005: ';' expected.
client/src/pages/AdminLeadEngine.tsx(432,115): error TS1109: Expression expected.
client/src/pages/AdminLeadEngine.tsx(438,41): error TS1005: ';' expected.
client/src/pages/AdminLeadEngine.tsx(438,49): error TS1351: An identifier or keyword cannot immediately follow a numeric literal.
client/src/pages/AdminLeadEngine.tsx(438,53): error TS1005: ';' expected.
client/src/pages/AdminLeadEngine.tsx(438,60): error TS1005: ';' expected.
client/src/pages/AdminLeadEngine.tsx(438,67): error TS1005: ';' expected.
client/src/pages/AdminLeadEngine.tsx(438,87): error TS1005: ';' expected.
client/src/pages/AdminLeadEngine.tsx(452,1): error TS1160: Unterminated template literal.
